// Jest Snapshot v1, https://goo.gl/fbAQLP

exports[`Pruebas en <SearchPage/> Debe de mostrarse correctamente con valores por defecto 1`] = `
<div>
  <h1>
    Search
  </h1>
  <hr />
  <div
    class="row"
  >
    <div
      class="col-5"
    >
      <h4>
        Buscando
      </h4>
      <hr />
      <form>
        <input
          aria-label="input-field"
          autocomplete="off"
          class="form-control"
          name="searchText"
          placeholder="Buscar Heroe"
          type="text"
          value=""
        />
        <button
          class="btn btn-primary mt-1"
        >
          Buscar
        </button>
      </form>
    </div>
    <div
      class="col-7"
    >
      <h4>
        Resultados
      </h4>
      <hr />
      <div
        class="alert alert-info"
      >
         Buscar un Heroe
      </div>
    </div>
  </div>
</div>
`;
